config.py: OK
