============================================================
VcaniTrade AI - Full System Test
============================================================
[OK] Config loaded
   PROP_FIRM: Apex Trader Funding
   OLLAMA_URL: http://127.0.0.1:11434
   MODEL: qwen2.5:latest
   TIMEOUT: 180
[OK] Models loaded
[OK] Prop Firm Engine works
   Can trade: True, Violations: 0
[OK] Swarm Consensus works
   Action: BUY, Confidence: MEDIUM
[OK] Scanner loaded
[OK] Dashboard created
[OK] Dashboard shown

============================================================
TEST SUMMARY
============================================================
Tests run: 19
Errors: 0
Success: 7